QueryPlan {
	Fetch(service: "documents") {
		query ($b: Boolean!) {
			body {
				__typename
				... on Image {
					... on NamedObject @include(if: $b) {
						name
					}
				}
			}
		}
	},
}