QueryPlan {
	Fetch(service: "documents") {
		query {
			body {
				__typename
				... on Text {
					attributes {
						bold
						text
					}
				}
			}
		}
	},
}