QueryPlan {
	Fetch(service: "documents") {
		query {
			body {
				__typename
				... on Image {
					attributes {
						url
					}
				}
				... on Text {
					attributes {
						bold
					}
				}
			}
		}
	},
}