[
  {
    "message": "[serviceB] Product.lineItems -\u003e uses the @provides directive but `Product.lineItems` does not return a type that has a @key. Try adding a @key to the `[LineItem]` type.",
    "locations": [
      {
        "line": 6,
        "column": 5
      }
    ],
    "extensions": {
      "code": "PROVIDES_NOT_ON_ENTITY",
      "file": "serviceB.graphqls"
    }
  }
]