QueryPlan {
	Sequence {
		Fetch(service: "reviews") {
			query {
				topReviews {
					body
					author {
						__typename
						id
					}
				}
			}
		},
		Flatten(path: "topReviews.@.author") {
			Fetch(service: "accounts") {
				{
					... on User {
						__typename
						id
					}
				} =>
				{
					... on User {
						name {
							first
							last
						}
						birthDate(locale: $locale)
					}
				}
			},
		},
	},
}