[
  {
    "message": "[serviceA] Review.author -\u003e A @provides selects User.wishLists, which is a list type. A field cannot @provide lists.",
    "locations": [
      {
        "line": 6,
        "column": 5
      }
    ],
    "extensions": {
      "code": "PROVIDES_FIELDS_SELECT_INVALID_TYPE",
      "file": "serviceA.graphqls"
    }
  }
]