[
  {
    "message": "[serviceB] Car.wheelSize -\u003e is marked as @external but is not used by a @requires, @key, or @provides directive.",
    "locations": [
      {
        "line": 7,
        "column": 21
      }
    ],
    "extensions": {
      "code": "EXTERNAL_UNUSED",
      "file": "serviceB.graphqls"
    }
  }
]