schema:
  graphs:
    ACCOUNTS:
      name: accounts
      url: undefined
    BOOKS:
      name: books
      url: undefined
    DOCUMENTS:
      name: documents
      url: undefined
    INVENTORY:
      name: inventory
      url: undefined
    PRODUCT:
      name: product
      url: undefined
    REVIEWS:
      name: reviews
      url: undefined
type:
  Account: {}
  Amazon: {}
  Book:
    graphname: books
    keys:
      books:
      - alias: isbn
        name: isbn
        arguments: []
        directives: []
        selectionset: []
        position: null
        definition: null
        objectdefinition: null
  Car:
    graphname: product
    keys:
      product:
      - alias: id
        name: id
        arguments: []
        directives: []
        selectionset: []
        position: null
        definition: null
        objectdefinition: null
  Error: {}
  Furniture:
    graphname: product
    keys:
      product:
      - alias: upc
        name: upc
        arguments: []
        directives: []
        selectionset: []
        position: null
        definition: null
        objectdefinition: null
  Ikea: {}
  Image: {}
  ImageAttributes: {}
  KeyValue: {}
  Library:
    graphname: books
    keys:
      books:
      - alias: id
        name: id
        arguments: []
        directives: []
        selectionset: []
        position: null
        definition: null
        objectdefinition: null
  Mutation: {}
  Name: {}
  PasswordAccount:
    graphname: accounts
    keys:
      accounts:
      - alias: email
        name: email
        arguments: []
        directives: []
        selectionset: []
        position: null
        definition: null
        objectdefinition: null
  ProductDetailsBook: {}
  ProductDetailsFurniture: {}
  Query: {}
  Review:
    graphname: reviews
    keys:
      reviews:
      - alias: id
        name: id
        arguments: []
        directives: []
        selectionset: []
        position: null
        definition: null
        objectdefinition: null
  SMSAccount:
    graphname: accounts
    keys:
      accounts:
      - alias: number
        name: number
        arguments: []
        directives: []
        selectionset: []
        position: null
        definition: null
        objectdefinition: null
  Text: {}
  TextAttributes: {}
  User:
    graphname: accounts
    keys:
      accounts:
      - alias: id
        name: id
        arguments: []
        directives: []
        selectionset: []
        position: null
        definition: null
        objectdefinition: null
  UserMetadata: {}
  Van:
    graphname: product
    keys:
      product:
      - alias: id
        name: id
        arguments: []
        directives: []
        selectionset: []
        position: null
        definition: null
        objectdefinition: null
field:
  Book.details:
    graphname: product
    requires: []
    provides: []
  Book.inStock:
    graphname: inventory
    requires: []
    provides: []
  Book.isCheckedOut:
    graphname: inventory
    requires: []
    provides: []
  Book.isbn:
    graphname: books
    requires: []
    provides: []
  Book.metadata:
    graphname: books
    requires: []
    provides: []
  Book.name:
    graphname: product
    requires:
    - alias: title
      name: title
      arguments: []
      directives: []
      selectionset: []
      position: null
      definition: null
      objectdefinition: null
    - alias: year
      name: year
      arguments: []
      directives: []
      selectionset: []
      position: null
      definition: null
      objectdefinition: null
    provides: []
  Book.price:
    graphname: product
    requires: []
    provides: []
  Book.relatedReviews:
    graphname: reviews
    requires:
    - alias: similarBooks
      name: similarBooks
      arguments: []
      directives: []
      selectionset:
      - alias: isbn
        name: isbn
        arguments: []
        directives: []
        selectionset: []
        position: null
        definition: null
        objectdefinition: null
      position: null
      definition: null
      objectdefinition: null
    provides: []
  Book.reviews:
    graphname: reviews
    requires: []
    provides: []
  Book.similarBooks:
    graphname: books
    requires: []
    provides: []
  Book.sku:
    graphname: product
    requires: []
    provides: []
  Book.title:
    graphname: books
    requires: []
    provides: []
  Book.upc:
    graphname: product
    requires: []
    provides: []
  Book.year:
    graphname: books
    requires: []
    provides: []
  Car.description:
    graphname: product
    requires: []
    provides: []
  Car.id:
    graphname: product
    requires: []
    provides: []
  Car.price:
    graphname: product
    requires: []
    provides: []
  Car.retailPrice:
    graphname: reviews
    requires:
    - alias: price
      name: price
      arguments: []
      directives: []
      selectionset: []
      position: null
      definition: null
      objectdefinition: null
    provides: []
  Furniture.brand:
    graphname: product
    requires: []
    provides: []
  Furniture.details:
    graphname: product
    requires: []
    provides: []
  Furniture.inStock:
    graphname: inventory
    requires: []
    provides: []
  Furniture.isHeavy:
    graphname: inventory
    requires: []
    provides: []
  Furniture.metadata:
    graphname: product
    requires: []
    provides: []
  Furniture.name:
    graphname: product
    requires: []
    provides: []
  Furniture.price:
    graphname: product
    requires: []
    provides: []
  Furniture.reviews:
    graphname: reviews
    requires: []
    provides: []
  Furniture.sku:
    graphname: product
    requires: []
    provides: []
  Furniture.upc:
    graphname: product
    requires: []
    provides: []
  Library.id:
    graphname: books
    requires: []
    provides: []
  Library.name:
    graphname: books
    requires: []
    provides: []
  Library.userAccount:
    graphname: accounts
    requires:
    - alias: name
      name: name
      arguments: []
      directives: []
      selectionset: []
      position: null
      definition: null
      objectdefinition: null
    provides: []
  Mutation.deleteReview:
    graphname: reviews
    requires: []
    provides: []
  Mutation.login:
    graphname: accounts
    requires: []
    provides: []
  Mutation.reviewProduct:
    graphname: reviews
    requires: []
    provides: []
  Mutation.updateReview:
    graphname: reviews
    requires: []
    provides: []
  PasswordAccount.email:
    graphname: accounts
    requires: []
    provides: []
  Query.body:
    graphname: documents
    requires: []
    provides: []
  Query.book:
    graphname: books
    requires: []
    provides: []
  Query.books:
    graphname: books
    requires: []
    provides: []
  Query.library:
    graphname: books
    requires: []
    provides: []
  Query.me:
    graphname: accounts
    requires: []
    provides: []
  Query.product:
    graphname: product
    requires: []
    provides: []
  Query.topCars:
    graphname: product
    requires: []
    provides: []
  Query.topProducts:
    graphname: product
    requires: []
    provides: []
  Query.topReviews:
    graphname: reviews
    requires: []
    provides: []
  Query.user:
    graphname: accounts
    requires: []
    provides: []
  Query.vehicle:
    graphname: product
    requires: []
    provides: []
  Review.author:
    graphname: reviews
    requires: []
    provides:
    - alias: username
      name: username
      arguments: []
      directives: []
      selectionset: []
      position: null
      definition: null
      objectdefinition: null
  Review.body:
    graphname: reviews
    requires: []
    provides: []
  Review.id:
    graphname: reviews
    requires: []
    provides: []
  Review.metadata:
    graphname: reviews
    requires: []
    provides: []
  Review.product:
    graphname: reviews
    requires: []
    provides: []
  SMSAccount.number:
    graphname: accounts
    requires: []
    provides: []
  User.account:
    graphname: accounts
    requires: []
    provides: []
  User.accountType:
    graphname: accounts
    requires: []
    provides: []
  User.birthDate:
    graphname: accounts
    requires: []
    provides: []
  User.goodAddress:
    graphname: reviews
    requires:
    - alias: metadata
      name: metadata
      arguments: []
      directives: []
      selectionset:
      - alias: address
        name: address
        arguments: []
        directives: []
        selectionset: []
        position: null
        definition: null
        objectdefinition: null
      position: null
      definition: null
      objectdefinition: null
    provides: []
  User.goodDescription:
    graphname: inventory
    requires:
    - alias: metadata
      name: metadata
      arguments: []
      directives: []
      selectionset:
      - alias: description
        name: description
        arguments: []
        directives: []
        selectionset: []
        position: null
        definition: null
        objectdefinition: null
      position: null
      definition: null
      objectdefinition: null
    provides: []
  User.id:
    graphname: accounts
    requires: []
    provides: []
  User.metadata:
    graphname: accounts
    requires: []
    provides: []
  User.name:
    graphname: accounts
    requires: []
    provides: []
  User.numberOfReviews:
    graphname: reviews
    requires: []
    provides: []
  User.reviews:
    graphname: reviews
    requires: []
    provides: []
  User.thing:
    graphname: product
    requires: []
    provides: []
  User.username:
    graphname: accounts
    requires: []
    provides: []
  User.vehicle:
    graphname: product
    requires: []
    provides: []
  Van.description:
    graphname: product
    requires: []
    provides: []
  Van.id:
    graphname: product
    requires: []
    provides: []
  Van.price:
    graphname: product
    requires: []
    provides: []
  Van.retailPrice:
    graphname: reviews
    requires:
    - alias: price
      name: price
      arguments: []
      directives: []
      selectionset: []
      position: null
      definition: null
      objectdefinition: null
    provides: []
