node:
  servicename: accounts
  variableusages: []
  requires: []
  operation: |
    query {
    	me {
    		id
    		username
    	}
    }
