QueryPlan {
	Sequence {
		Fetch(service: "reviews") {
			query {
				reviews: topReviews {
					... __QueryPlanFragment_1__
				}
			}
			fragment __QueryPlanFragment_1__ on Review {
				content: body
				author {
					username
				}
				product {
					... __QueryPlanFragment_0__
				}
			}
			fragment __QueryPlanFragment_0__ on Product {
				__typename
				... on Book {
					__typename
					isbn
				}
				... on Furniture {
					__typename
					upc
				}
			}
		},
		Parallel {
			Sequence {
				Flatten(path: "reviews.@.product") {
					Fetch(service: "books") {
						{
							... on Book {
								__typename
								isbn
							}
						} =>
						{
							... on Book {
								__typename
								isbn
								title
								year
							}
						}
					},
				},
				Flatten(path: "reviews.@.product") {
					Fetch(service: "product") {
						{
							... on Book {
								__typename
								isbn
								title
								year
							}
						} =>
						{
							... on Book {
								name
							}
						}
					},
				},
			},
			Flatten(path: "reviews.@.product") {
				Fetch(service: "product") {
					{
						... on Furniture {
							__typename
							upc
						}
					}
					{
						... on Book {
							__typename
							isbn
						}
					} =>
					{
						... on Furniture {
							name
							cost: price
							details {
								origin: country
							}
						}
						... on Book {
							cost: price
							details {
								origin: country
							}
						}
					}
				},
			},
		},
	},
}