QueryPlan {
	Fetch(service: "accounts") {
		query {
			me {
				username
			}
		}
	},
}