QueryPlan {
	Fetch(service: "reviews") {
		query {
			topReviews {
				body
				author {
					reviews {
						body
					}
				}
			}
		}
	},
}