node:
  servicename: documents
  variableusages: []
  requires: []
  operation: |
    query {
    	body {
    		__typename
    		... on Image {
    			attributes {
    				url
    			}
    		}
    		... on Text {
    			attributes {
    				bold
    				text
    			}
    		}
    	}
    }
