[
  {
    "message": "[schemaExtension] RootQuery._service -\u003e _service is a field reserved for federation and can't be used at the Query root.",
    "locations": [
      {
        "line": 9,
        "column": 5
      }
    ],
    "extensions": {
      "code": "RESERVED_FIELD_USED",
      "file": "warns_when_service_or_entities_is_used_in_a_schema_extension_2.graphqls"
    }
  }
]